Downloading https://services.gradle.org/distributions/gradle-8.14.3-all.zip
.....................10%.....................20%......................30%.....................40%......................50%.....................60%.....................70%......................80%.....................90%......................100%

Welcome to Gradle 8.14.3!

Here are the highlights of this release:
 - Java 24 support
 - GraalVM Native Image toolchain selection
 - Enhancements to test reporting
 - Build Authoring improvements

For more details see https://docs.gradle.org/8.14.3/release-notes.html

To honour the JVM settings for this build a single-use Daemon process will be forked. For more on this, please refer to https://docs.gradle.org/8.14.3/userguide/gradle_daemon.html#sec:disabling_the_daemon in the Gradle documentation.
Daemon will be stopped at the end of the build 

> Configure project :app
WARNING: Using flatDir should be avoided because it doesn't support any meta-data formats.

> Configure project :capacitor-cordova-android-plugins
WARNING: Using flatDir should be avoided because it doesn't support any meta-data formats.

> Task :app:preBuild UP-TO-DATE
> Task :app:preDebugBuild UP-TO-DATE
> Task :app:mergeDebugNativeDebugMetadata NO-SOURCE
> Task :capacitor-android:preBuild UP-TO-DATE
> Task :capacitor-android:preDebugBuild UP-TO-DATE
> Task :capacitor-cordova-android-plugins:preBuild UP-TO-DATE
> Task :capacitor-cordova-android-plugins:preDebugBuild UP-TO-DATE
> Task :capacitor-filesystem:preBuild UP-TO-DATE
> Task :capacitor-filesystem:preDebugBuild UP-TO-DATE
> Task :capacitor-android:writeDebugAarMetadata
> Task :app:javaPreCompileDebug
> Task :capacitor-cordova-android-plugins:writeDebugAarMetadata
> Task :capacitor-filesystem:writeDebugAarMetadata
> Task :capawesome-team-capacitor-android-foreground-service:preBuild UP-TO-DATE
> Task :capawesome-team-capacitor-android-foreground-service:preDebugBuild UP-TO-DATE
> Task :capawesome-team-capacitor-android-foreground-service:writeDebugAarMetadata
> Task :capacitor-android:processDebugNavigationResources
> Task :app:checkDebugAarMetadata
> Task :capacitor-cordova-android-plugins:processDebugNavigationResources
> Task :capacitor-filesystem:processDebugNavigationResources
> Task :capawesome-team-capacitor-android-foreground-service:processDebugNavigationResources
> Task :app:processDebugNavigationResources
> Task :app:generateDebugResValues
> Task :app:compileDebugNavigationResources
> Task :capacitor-android:generateDebugResValues
> Task :capacitor-android:generateDebugResources
> Task :capacitor-android:packageDebugResources
> Task :capacitor-cordova-android-plugins:generateDebugResValues
> Task :capacitor-cordova-android-plugins:generateDebugResources
> Task :capacitor-cordova-android-plugins:packageDebugResources
> Task :capacitor-filesystem:generateDebugResValues
> Task :capacitor-filesystem:generateDebugResources
> Task :capacitor-filesystem:packageDebugResources
> Task :capawesome-team-capacitor-android-foreground-service:generateDebugResValues
> Task :capawesome-team-capacitor-android-foreground-service:generateDebugResources
> Task :capawesome-team-capacitor-android-foreground-service:packageDebugResources
> Task :app:mapDebugSourceSetPaths
> Task :app:generateDebugResources
> Task :app:packageDebugResources
> Task :app:mergeDebugResources
> Task :app:createDebugCompatibleScreenManifests
> Task :app:extractDeepLinksDebug
> Task :capacitor-android:extractDeepLinksDebug
> Task :capacitor-cordova-android-plugins:extractDeepLinksDebug
> Task :capacitor-filesystem:extractDeepLinksDebug
> Task :app:parseDebugLocalResources
> Task :capawesome-team-capacitor-android-foreground-service:extractDeepLinksDebug
> Task :capacitor-filesystem:processDebugManifest
> Task :capawesome-team-capacitor-android-foreground-service:processDebugManifest
> Task :capacitor-cordova-android-plugins:processDebugManifest
> Task :capacitor-android:processDebugManifest
> Task :capacitor-android:compileDebugLibraryResources
> Task :app:processDebugMainManifest
> Task :app:processDebugManifest
> Task :capacitor-android:parseDebugLocalResources
> Task :app:processDebugManifestForPackage
> Task :capacitor-cordova-android-plugins:compileDebugLibraryResources
> Task :capacitor-filesystem:compileDebugLibraryResources
> Task :capacitor-cordova-android-plugins:parseDebugLocalResources
> Task :capacitor-filesystem:parseDebugLocalResources
> Task :capawesome-team-capacitor-android-foreground-service:compileDebugLibraryResources
> Task :capacitor-cordova-android-plugins:generateDebugRFile
> Task :capacitor-android:generateDebugRFile
> Task :capacitor-filesystem:generateDebugRFile
> Task :capacitor-android:javaPreCompileDebug
> Task :capacitor-filesystem:checkKotlinGradlePluginConfigurationErrors SKIPPED
> Task :capawesome-team-capacitor-android-foreground-service:parseDebugLocalResources
> Task :capacitor-cordova-android-plugins:javaPreCompileDebug

> Task :capacitor-android:compileDebugJavaWithJavac
Note: Some input files use unchecked or unsafe operations.
Note: Recompile with -Xlint:unchecked for details.

> Task :capawesome-team-capacitor-android-foreground-service:generateDebugRFile
> Task :capacitor-android:bundleLibCompileToJarDebug
> Task :capacitor-cordova-android-plugins:compileDebugJavaWithJavac NO-SOURCE
> Task :capacitor-cordova-android-plugins:bundleLibCompileToJarDebug
> Task :app:processDebugResources
> Task :capacitor-filesystem:javaPreCompileDebug
> Task :capawesome-team-capacitor-android-foreground-service:javaPreCompileDebug
> Task :app:mergeDebugShaders

> Task :capawesome-team-capacitor-android-foreground-service:compileDebugJavaWithJavac
Note: /home/runner/work/app/app/node_modules/@capawesome-team/capacitor-android-foreground-service/android/src/main/java/io/capawesome/capacitorjs/plugins/foregroundservice/AndroidForegroundService.java uses or overrides a deprecated API.
Note: Recompile with -Xlint:deprecation for details.

> Task :app:compileDebugShaders NO-SOURCE
> Task :app:generateDebugAssets UP-TO-DATE
> Task :capawesome-team-capacitor-android-foreground-service:bundleLibCompileToJarDebug
> Task :capacitor-android:mergeDebugShaders
> Task :capacitor-android:compileDebugShaders NO-SOURCE
> Task :capacitor-android:generateDebugAssets UP-TO-DATE
> Task :capacitor-android:mergeDebugAssets
> Task :capacitor-cordova-android-plugins:mergeDebugShaders
> Task :capacitor-cordova-android-plugins:compileDebugShaders NO-SOURCE
> Task :capacitor-cordova-android-plugins:generateDebugAssets UP-TO-DATE
> Task :capacitor-cordova-android-plugins:mergeDebugAssets
> Task :capacitor-filesystem:mergeDebugShaders
> Task :capacitor-filesystem:compileDebugShaders NO-SOURCE
> Task :capacitor-filesystem:generateDebugAssets UP-TO-DATE
> Task :capacitor-filesystem:mergeDebugAssets
> Task :capawesome-team-capacitor-android-foreground-service:mergeDebugShaders
> Task :capawesome-team-capacitor-android-foreground-service:compileDebugShaders NO-SOURCE
> Task :capawesome-team-capacitor-android-foreground-service:generateDebugAssets UP-TO-DATE
> Task :capawesome-team-capacitor-android-foreground-service:mergeDebugAssets
> Task :app:mergeDebugAssets
> Task :capawesome-team-capacitor-android-foreground-service:bundleLibRuntimeToJarDebug
> Task :app:compressDebugAssets
> Task :capacitor-android:bundleLibRuntimeToJarDebug
> Task :capacitor-cordova-android-plugins:bundleLibRuntimeToJarDebug
> Task :app:desugarDebugFileDependencies
> Task :app:processDebugJavaRes NO-SOURCE
> Task :capacitor-android:processDebugJavaRes NO-SOURCE
> Task :capacitor-cordova-android-plugins:processDebugJavaRes NO-SOURCE
> Task :capawesome-team-capacitor-android-foreground-service:processDebugJavaRes NO-SOURCE
> Task :app:checkDebugDuplicateClasses
> Task :capacitor-filesystem:compileDebugKotlin
> Task :capacitor-filesystem:compileDebugJavaWithJavac NO-SOURCE
> Task :capacitor-filesystem:bundleLibCompileToJarDebug
> Task :capacitor-filesystem:bundleLibRuntimeToJarDebug
> Task :capacitor-filesystem:processDebugJavaRes
> Task :app:compileDebugJavaWithJavac
> Task :app:dexBuilderDebug
> Task :app:mergeDebugGlobalSynthetics
> Task :capawesome-team-capacitor-android-foreground-service:bundleLibRuntimeToDirDebug
> Task :capacitor-filesystem:bundleLibRuntimeToDirDebug
> Task :capacitor-android:bundleLibRuntimeToDirDebug
> Task :capacitor-cordova-android-plugins:bundleLibRuntimeToDirDebug
> Task :app:mergeProjectDexDebug
> Task :app:mergeDebugJniLibFolders
> Task :capacitor-android:mergeDebugJniLibFolders
> Task :capacitor-android:mergeDebugNativeLibs NO-SOURCE
> Task :capacitor-android:copyDebugJniLibsProjectOnly
> Task :capacitor-cordova-android-plugins:mergeDebugJniLibFolders
> Task :capacitor-cordova-android-plugins:mergeDebugNativeLibs NO-SOURCE
> Task :capacitor-cordova-android-plugins:copyDebugJniLibsProjectOnly
> Task :capacitor-filesystem:mergeDebugJniLibFolders
> Task :capacitor-filesystem:mergeDebugNativeLibs NO-SOURCE
> Task :capacitor-filesystem:copyDebugJniLibsProjectOnly
> Task :capawesome-team-capacitor-android-foreground-service:mergeDebugJniLibFolders
> Task :capawesome-team-capacitor-android-foreground-service:mergeDebugNativeLibs NO-SOURCE
> Task :capawesome-team-capacitor-android-foreground-service:copyDebugJniLibsProjectOnly
> Task :app:mergeDebugNativeLibs NO-SOURCE
> Task :app:mergeDebugJavaResource
> Task :app:stripDebugDebugSymbols NO-SOURCE
> Task :app:validateSigningDebug
> Task :app:writeDebugAppMetadata
> Task :app:writeDebugSigningConfigVersions
> Task :capacitor-android:stripDebugDebugSymbols NO-SOURCE
> Task :capacitor-android:checkDebugAarMetadata
> Task :capacitor-android:copyDebugJniLibsProjectAndLocalJars
> Task :app:mergeExtDexDebug
> Task :capacitor-android:extractDebugAnnotations
> Task :capacitor-android:extractDeepLinksForAarDebug
> Task :capacitor-android:mergeDebugGeneratedProguardFiles
> Task :capacitor-android:mergeDebugConsumerProguardFiles
> Task :capacitor-android:prepareDebugArtProfile
> Task :capacitor-android:prepareLintJarForPublish
> Task :capacitor-android:mergeDebugJavaResource
> Task :app:mergeLibDexDebug
> Task :capacitor-cordova-android-plugins:checkDebugAarMetadata
> Task :capacitor-android:syncDebugLibJars
> Task :capacitor-android:bundleDebugAar
> Task :capacitor-android:assembleDebug
> Task :capacitor-cordova-android-plugins:stripDebugDebugSymbols NO-SOURCE
> Task :capacitor-cordova-android-plugins:copyDebugJniLibsProjectAndLocalJars
> Task :capacitor-cordova-android-plugins:extractDebugAnnotations
> Task :capacitor-cordova-android-plugins:extractDeepLinksForAarDebug
> Task :app:packageDebug
> Task :app:createDebugApkListingFileRedirect
> Task :app:assembleDebug
> Task :capacitor-cordova-android-plugins:mergeDebugGeneratedProguardFiles
> Task :capacitor-cordova-android-plugins:mergeDebugConsumerProguardFiles
> Task :capacitor-cordova-android-plugins:prepareDebugArtProfile
> Task :capacitor-cordova-android-plugins:prepareLintJarForPublish
> Task :capacitor-cordova-android-plugins:mergeDebugJavaResource
> Task :capacitor-filesystem:checkDebugAarMetadata
> Task :capacitor-cordova-android-plugins:syncDebugLibJars
> Task :capacitor-cordova-android-plugins:bundleDebugAar
> Task :capacitor-cordova-android-plugins:assembleDebug
> Task :capacitor-filesystem:stripDebugDebugSymbols NO-SOURCE
> Task :capacitor-filesystem:copyDebugJniLibsProjectAndLocalJars
> Task :capacitor-filesystem:extractDebugAnnotations
> Task :capacitor-filesystem:extractDeepLinksForAarDebug
> Task :capacitor-filesystem:mergeDebugGeneratedProguardFiles
> Task :capacitor-filesystem:mergeDebugConsumerProguardFiles
> Task :capacitor-filesystem:prepareDebugArtProfile
> Task :capacitor-filesystem:prepareLintJarForPublish
> Task :capawesome-team-capacitor-android-foreground-service:stripDebugDebugSymbols NO-SOURCE
> Task :capacitor-filesystem:mergeDebugJavaResource
> Task :capawesome-team-capacitor-android-foreground-service:copyDebugJniLibsProjectAndLocalJars
> Task :capawesome-team-capacitor-android-foreground-service:checkDebugAarMetadata
> Task :capacitor-filesystem:syncDebugLibJars
> Task :capacitor-filesystem:bundleDebugAar
> Task :capacitor-filesystem:assembleDebug
> Task :capawesome-team-capacitor-android-foreground-service:extractDebugAnnotations
> Task :capawesome-team-capacitor-android-foreground-service:extractDeepLinksForAarDebug
> Task :capawesome-team-capacitor-android-foreground-service:mergeDebugGeneratedProguardFiles
> Task :capawesome-team-capacitor-android-foreground-service:mergeDebugConsumerProguardFiles
> Task :capawesome-team-capacitor-android-foreground-service:prepareDebugArtProfile
> Task :capawesome-team-capacitor-android-foreground-service:prepareLintJarForPublish
> Task :capawesome-team-capacitor-android-foreground-service:mergeDebugJavaResource
> Task :capawesome-team-capacitor-android-foreground-service:syncDebugLibJars
> Task :capawesome-team-capacitor-android-foreground-service:bundleDebugAar
> Task :capawesome-team-capacitor-android-foreground-service:assembleDebug

[Incubating] Problems report is available at: file:///home/runner/work/app/app/android/build/reports/problems/problems-report.html

Deprecated Gradle features were used in this build, making it incompatible with Gradle 9.0.

You can use '--warning-mode all' to show the individual deprecation warnings and determine if they come from your own scripts or plugins.

For more on this, please refer to https://docs.gradle.org/8.14.3/userguide/command_line_interface.html#sec:command_line_warnings in the Gradle documentation.

BUILD SUCCESSFUL in 1m 46s
154 actionable tasks: 154 executed
